// Jest Snapshot v1, https://goo.gl/fbAQLP

exports[`should render successfully is flu 1`] = `
<View
  style={
    Object {
      "alignItems": "center",
      "marginHorizontal": 16,
      "marginTop": 32,
    }
  }
>
  <Text
    style={
      Array [
        Object {
          "color": "#444",
          "fontSize": 30,
          "fontWeight": "bold",
        },
        Object {
          "color": "red",
        },
      ]
    }
  >
    Sorry, you've got the Flu!
  </Text>
  <Text
    style={
      Object {
        "color": "#444",
        "fontSize": 30,
        "fontWeight": "bold",
      }
    }
  >
    ðŸ’Š
  </Text>
</View>
`;

exports[`should render successfully is not flu 1`] = `
<View
  style={
    Object {
      "alignItems": "center",
      "marginHorizontal": 16,
      "marginTop": 32,
    }
  }
>
  <Text
    style={
      Array [
        Object {
          "color": "#444",
          "fontSize": 30,
          "fontWeight": "bold",
        },
        Object {
          "color": "green",
        },
      ]
    }
  >
    No Flu! Hooray!
  </Text>
  <Text
    style={
      Object {
        "color": "#444",
        "fontSize": 30,
        "fontWeight": "bold",
      }
    }
  >
    ðŸŽ‰
  </Text>
</View>
`;
