// Jest Snapshot v1, https://goo.gl/fbAQLP

exports[`should render successfully should display a table with results 1`] = `
<View
  style={
    Array [
      undefined,
      Object {
        "borderBottomWidth": 1,
        "borderColor": "#ccc",
        "borderLeftWidth": 1,
      },
    ]
  }
>
  <View
    style={
      Array [
        undefined,
        0,
        Object {
          "flexDirection": "row",
          "overflow": "hidden",
        },
        Object {
          "backgroundColor": "rgba(60, 142, 183, 0.5)",
        },
      ]
    }
  >
    <View
      style={
        Array [
          Object {
            "borderColor": "#ccc",
            "borderRightWidth": 1,
            "borderTopWidth": 1,
          },
          Object {
            "justifyContent": "center",
          },
          undefined,
          undefined,
          Object {
            "flex": 2,
          },
          false,
          undefined,
        ]
      }
    >
      <Text
        style={
          Array [
            Object {
              "margin": 8,
              "textAlign": "center",
            },
            Object {
              "backgroundColor": "transparent",
            },
          ]
        }
      >
        date
      </Text>
    </View>
    <View
      style={
        Array [
          Object {
            "borderColor": "#ccc",
            "borderRightWidth": 1,
            "borderTopWidth": 1,
          },
          Object {
            "justifyContent": "center",
          },
          undefined,
          undefined,
          Object {
            "flex": 1,
          },
          false,
          undefined,
        ]
      }
    >
      <Text
        style={
          Array [
            Object {
              "margin": 8,
              "textAlign": "center",
            },
            Object {
              "backgroundColor": "transparent",
            },
          ]
        }
      >
        temp.
      </Text>
    </View>
    <View
      style={
        Array [
          Object {
            "borderColor": "#ccc",
            "borderRightWidth": 1,
            "borderTopWidth": 1,
          },
          Object {
            "justifyContent": "center",
          },
          undefined,
          undefined,
          Object {
            "flex": 1,
          },
          false,
          undefined,
        ]
      }
    >
      <Text
        style={
          Array [
            Object {
              "margin": 8,
              "textAlign": "center",
            },
            Object {
              "backgroundColor": "transparent",
            },
          ]
        }
      >
        cough
      </Text>
    </View>
    <View
      style={
        Array [
          Object {
            "borderColor": "#ccc",
            "borderRightWidth": 1,
            "borderTopWidth": 1,
          },
          Object {
            "justifyContent": "center",
          },
          undefined,
          undefined,
          Object {
            "flex": 1,
          },
          false,
          undefined,
        ]
      }
    >
      <Text
        style={
          Array [
            Object {
              "margin": 8,
              "textAlign": "center",
            },
            Object {
              "backgroundColor": "transparent",
            },
          ]
        }
      >
        5 days fever
      </Text>
    </View>
    <View
      style={
        Array [
          Object {
            "borderColor": "#ccc",
            "borderRightWidth": 1,
            "borderTopWidth": 1,
          },
          Object {
            "justifyContent": "center",
          },
          undefined,
          undefined,
          Object {
            "flex": 1,
          },
          false,
          undefined,
        ]
      }
    >
      <Text
        style={
          Array [
            Object {
              "margin": 8,
              "textAlign": "center",
            },
            Object {
              "backgroundColor": "transparent",
            },
          ]
        }
      >
        is flu
      </Text>
    </View>
  </View>
  <View
    style={
      Array [
        Object {
          "flex": 6,
        },
        0,
      ]
    }
  >
    <View
      style={
        Array [
          undefined,
          0,
          Object {
            "flexDirection": "row",
            "overflow": "hidden",
          },
          undefined,
        ]
      }
    >
      <View
        style={
          Array [
            Object {
              "borderColor": "#ccc",
              "borderRightWidth": 1,
              "borderTopWidth": 1,
            },
            Object {
              "justifyContent": "center",
            },
            undefined,
            undefined,
            Object {
              "flex": 2,
            },
            false,
            undefined,
          ]
        }
      >
        <Text
          style={
            Array [
              Object {
                "margin": 8,
                "textAlign": "center",
              },
              Object {
                "backgroundColor": "transparent",
              },
            ]
          }
        >
          Invalid Date
        </Text>
      </View>
      <View
        style={
          Array [
            Object {
              "borderColor": "#ccc",
              "borderRightWidth": 1,
              "borderTopWidth": 1,
            },
            Object {
              "justifyContent": "center",
            },
            undefined,
            undefined,
            Object {
              "flex": 1,
            },
            false,
            undefined,
          ]
        }
      >
        <Text
          style={
            Array [
              Object {
                "margin": 8,
                "textAlign": "center",
              },
              Object {
                "backgroundColor": "transparent",
              },
            ]
          }
        >
          39
        </Text>
      </View>
      <View
        style={
          Array [
            Object {
              "borderColor": "#ccc",
              "borderRightWidth": 1,
              "borderTopWidth": 1,
            },
            Object {
              "justifyContent": "center",
            },
            undefined,
            undefined,
            Object {
              "flex": 1,
            },
            false,
            undefined,
          ]
        }
      >
        <Text
          style={
            Array [
              Object {
                "margin": 8,
                "textAlign": "center",
              },
              Object {
                "backgroundColor": "transparent",
              },
            ]
          }
        >
          ðŸ¤§
        </Text>
      </View>
      <View
        style={
          Array [
            Object {
              "borderColor": "#ccc",
              "borderRightWidth": 1,
              "borderTopWidth": 1,
            },
            Object {
              "justifyContent": "center",
            },
            undefined,
            undefined,
            Object {
              "flex": 1,
            },
            false,
            undefined,
          ]
        }
      >
        <Text
          style={
            Array [
              Object {
                "margin": 8,
                "textAlign": "center",
              },
              Object {
                "backgroundColor": "transparent",
              },
            ]
          }
        >
          ðŸ¤’
        </Text>
      </View>
      <View
        style={
          Array [
            Object {
              "borderColor": "#ccc",
              "borderRightWidth": 1,
              "borderTopWidth": 1,
            },
            Object {
              "justifyContent": "center",
            },
            undefined,
            undefined,
            Object {
              "flex": 1,
            },
            false,
            undefined,
          ]
        }
      >
        <Text
          style={
            Array [
              Object {
                "margin": 8,
                "textAlign": "center",
              },
              Object {
                "backgroundColor": "transparent",
              },
            ]
          }
        >
          ðŸ’Š
        </Text>
      </View>
    </View>
    <View
      style={
        Array [
          undefined,
          0,
          Object {
            "flexDirection": "row",
            "overflow": "hidden",
          },
          undefined,
        ]
      }
    >
      <View
        style={
          Array [
            Object {
              "borderColor": "#ccc",
              "borderRightWidth": 1,
              "borderTopWidth": 1,
            },
            Object {
              "justifyContent": "center",
            },
            undefined,
            undefined,
            Object {
              "flex": 2,
            },
            false,
            undefined,
          ]
        }
      >
        <Text
          style={
            Array [
              Object {
                "margin": 8,
                "textAlign": "center",
              },
              Object {
                "backgroundColor": "transparent",
              },
            ]
          }
        >
          Invalid Date
        </Text>
      </View>
      <View
        style={
          Array [
            Object {
              "borderColor": "#ccc",
              "borderRightWidth": 1,
              "borderTopWidth": 1,
            },
            Object {
              "justifyContent": "center",
            },
            undefined,
            undefined,
            Object {
              "flex": 1,
            },
            false,
            undefined,
          ]
        }
      >
        <Text
          style={
            Array [
              Object {
                "margin": 8,
                "textAlign": "center",
              },
              Object {
                "backgroundColor": "transparent",
              },
            ]
          }
        >
          36
        </Text>
      </View>
      <View
        style={
          Array [
            Object {
              "borderColor": "#ccc",
              "borderRightWidth": 1,
              "borderTopWidth": 1,
            },
            Object {
              "justifyContent": "center",
            },
            undefined,
            undefined,
            Object {
              "flex": 1,
            },
            false,
            undefined,
          ]
        }
      >
        <Text
          style={
            Array [
              Object {
                "margin": 8,
                "textAlign": "center",
              },
              Object {
                "backgroundColor": "transparent",
              },
            ]
          }
        >
          
        </Text>
      </View>
      <View
        style={
          Array [
            Object {
              "borderColor": "#ccc",
              "borderRightWidth": 1,
              "borderTopWidth": 1,
            },
            Object {
              "justifyContent": "center",
            },
            undefined,
            undefined,
            Object {
              "flex": 1,
            },
            false,
            undefined,
          ]
        }
      >
        <Text
          style={
            Array [
              Object {
                "margin": 8,
                "textAlign": "center",
              },
              Object {
                "backgroundColor": "transparent",
              },
            ]
          }
        >
          
        </Text>
      </View>
      <View
        style={
          Array [
            Object {
              "borderColor": "#ccc",
              "borderRightWidth": 1,
              "borderTopWidth": 1,
            },
            Object {
              "justifyContent": "center",
            },
            undefined,
            undefined,
            Object {
              "flex": 1,
            },
            false,
            undefined,
          ]
        }
      >
        <Text
          style={
            Array [
              Object {
                "margin": 8,
                "textAlign": "center",
              },
              Object {
                "backgroundColor": "transparent",
              },
            ]
          }
        >
          
        </Text>
      </View>
    </View>
  </View>
</View>
`;

exports[`should render successfully should return null if no array or empty array is passed 1`] = `null`;
